// Jest Snapshot v1, https://goo.gl/fbAQLP

exports[`<Game /> tests should render a board 1`] = `
<div>
  <div
    class="board"
  >
    <button
      class="tile"
    >
      <img
        alt="Unrevealed"
        src="tile_unrevealed.png"
      />
    </button>
    <button
      class="tile"
    >
      <img
        alt="Unrevealed"
        src="tile_unrevealed.png"
      />
    </button>
    <button
      class="tile"
    >
      <img
        alt="Unrevealed"
        src="tile_unrevealed.png"
      />
    </button>
    <button
      class="tile"
    >
      <img
        alt="Unrevealed"
        src="tile_unrevealed.png"
      />
    </button>
    <button
      class="tile"
    >
      <img
        alt="Unrevealed"
        src="tile_unrevealed.png"
      />
    </button>
    <button
      class="tile"
    >
      <img
        alt="Unrevealed"
        src="tile_unrevealed.png"
      />
    </button>
    <button
      class="tile"
    >
      <img
        alt="Unrevealed"
        src="tile_unrevealed.png"
      />
    </button>
    <button
      class="tile"
    >
      <img
        alt="Unrevealed"
        src="tile_unrevealed.png"
      />
    </button>
    <button
      class="tile"
    >
      <img
        alt="Unrevealed"
        src="tile_unrevealed.png"
      />
    </button>
    <button
      class="tile"
    >
      <img
        alt="Unrevealed"
        src="tile_unrevealed.png"
      />
    </button>
    <button
      class="tile"
    >
      <img
        alt="Unrevealed"
        src="tile_unrevealed.png"
      />
    </button>
    <button
      class="tile"
    >
      <img
        alt="Unrevealed"
        src="tile_unrevealed.png"
      />
    </button>
    <button
      class="tile"
    >
      <img
        alt="Unrevealed"
        src="tile_unrevealed.png"
      />
    </button>
    <button
      class="tile"
    >
      <img
        alt="Unrevealed"
        src="tile_unrevealed.png"
      />
    </button>
    <button
      class="tile"
    >
      <img
        alt="Unrevealed"
        src="tile_unrevealed.png"
      />
    </button>
    <button
      class="tile"
    >
      <img
        alt="Unrevealed"
        src="tile_unrevealed.png"
      />
    </button>
    <button
      class="tile"
    >
      <img
        alt="Unrevealed"
        src="tile_unrevealed.png"
      />
    </button>
    <button
      class="tile"
    >
      <img
        alt="Unrevealed"
        src="tile_unrevealed.png"
      />
    </button>
    <button
      class="tile"
    >
      <img
        alt="Unrevealed"
        src="tile_unrevealed.png"
      />
    </button>
    <button
      class="tile"
    >
      <img
        alt="Unrevealed"
        src="tile_unrevealed.png"
      />
    </button>
    <button
      class="tile"
    >
      <img
        alt="Unrevealed"
        src="tile_unrevealed.png"
      />
    </button>
    <button
      class="tile"
    >
      <img
        alt="Unrevealed"
        src="tile_unrevealed.png"
      />
    </button>
    <button
      class="tile"
    >
      <img
        alt="Unrevealed"
        src="tile_unrevealed.png"
      />
    </button>
    <button
      class="tile"
    >
      <img
        alt="Unrevealed"
        src="tile_unrevealed.png"
      />
    </button>
    <button
      class="tile"
    >
      <img
        alt="Unrevealed"
        src="tile_unrevealed.png"
      />
    </button>
    <button
      class="tile"
    >
      <img
        alt="Unrevealed"
        src="tile_unrevealed.png"
      />
    </button>
    <button
      class="tile"
    >
      <img
        alt="Unrevealed"
        src="tile_unrevealed.png"
      />
    </button>
    <button
      class="tile"
    >
      <img
        alt="Unrevealed"
        src="tile_unrevealed.png"
      />
    </button>
    <button
      class="tile"
    >
      <img
        alt="Unrevealed"
        src="tile_unrevealed.png"
      />
    </button>
    <button
      class="tile"
    >
      <img
        alt="Unrevealed"
        src="tile_unrevealed.png"
      />
    </button>
    <button
      class="tile"
    >
      <img
        alt="Unrevealed"
        src="tile_unrevealed.png"
      />
    </button>
    <button
      class="tile"
    >
      <img
        alt="Unrevealed"
        src="tile_unrevealed.png"
      />
    </button>
    <button
      class="tile"
    >
      <img
        alt="Unrevealed"
        src="tile_unrevealed.png"
      />
    </button>
    <button
      class="tile"
    >
      <img
        alt="Unrevealed"
        src="tile_unrevealed.png"
      />
    </button>
    <button
      class="tile"
    >
      <img
        alt="Unrevealed"
        src="tile_unrevealed.png"
      />
    </button>
    <button
      class="tile"
    >
      <img
        alt="Unrevealed"
        src="tile_unrevealed.png"
      />
    </button>
    <button
      class="tile"
    >
      <img
        alt="Unrevealed"
        src="tile_unrevealed.png"
      />
    </button>
    <button
      class="tile"
    >
      <img
        alt="Unrevealed"
        src="tile_unrevealed.png"
      />
    </button>
    <button
      class="tile"
    >
      <img
        alt="Unrevealed"
        src="tile_unrevealed.png"
      />
    </button>
    <button
      class="tile"
    >
      <img
        alt="Unrevealed"
        src="tile_unrevealed.png"
      />
    </button>
    <button
      class="tile"
    >
      <img
        alt="Unrevealed"
        src="tile_unrevealed.png"
      />
    </button>
    <button
      class="tile"
    >
      <img
        alt="Unrevealed"
        src="tile_unrevealed.png"
      />
    </button>
    <button
      class="tile"
    >
      <img
        alt="Unrevealed"
        src="tile_unrevealed.png"
      />
    </button>
    <button
      class="tile"
    >
      <img
        alt="Unrevealed"
        src="tile_unrevealed.png"
      />
    </button>
    <button
      class="tile"
    >
      <img
        alt="Unrevealed"
        src="tile_unrevealed.png"
      />
    </button>
    <button
      class="tile"
    >
      <img
        alt="Unrevealed"
        src="tile_unrevealed.png"
      />
    </button>
    <button
      class="tile"
    >
      <img
        alt="Unrevealed"
        src="tile_unrevealed.png"
      />
    </button>
    <button
      class="tile"
    >
      <img
        alt="Unrevealed"
        src="tile_unrevealed.png"
      />
    </button>
    <button
      class="tile"
    >
      <img
        alt="Unrevealed"
        src="tile_unrevealed.png"
      />
    </button>
    <button
      class="tile"
    >
      <img
        alt="Unrevealed"
        src="tile_unrevealed.png"
      />
    </button>
    <button
      class="tile"
    >
      <img
        alt="Unrevealed"
        src="tile_unrevealed.png"
      />
    </button>
    <button
      class="tile"
    >
      <img
        alt="Unrevealed"
        src="tile_unrevealed.png"
      />
    </button>
    <button
      class="tile"
    >
      <img
        alt="Unrevealed"
        src="tile_unrevealed.png"
      />
    </button>
    <button
      class="tile"
    >
      <img
        alt="Unrevealed"
        src="tile_unrevealed.png"
      />
    </button>
    <button
      class="tile"
    >
      <img
        alt="Unrevealed"
        src="tile_unrevealed.png"
      />
    </button>
    <button
      class="tile"
    >
      <img
        alt="Unrevealed"
        src="tile_unrevealed.png"
      />
    </button>
    <button
      class="tile"
    >
      <img
        alt="Unrevealed"
        src="tile_unrevealed.png"
      />
    </button>
    <button
      class="tile"
    >
      <img
        alt="Unrevealed"
        src="tile_unrevealed.png"
      />
    </button>
    <button
      class="tile"
    >
      <img
        alt="Unrevealed"
        src="tile_unrevealed.png"
      />
    </button>
    <button
      class="tile"
    >
      <img
        alt="Unrevealed"
        src="tile_unrevealed.png"
      />
    </button>
    <button
      class="tile"
    >
      <img
        alt="Unrevealed"
        src="tile_unrevealed.png"
      />
    </button>
    <button
      class="tile"
    >
      <img
        alt="Unrevealed"
        src="tile_unrevealed.png"
      />
    </button>
    <button
      class="tile"
    >
      <img
        alt="Unrevealed"
        src="tile_unrevealed.png"
      />
    </button>
    <button
      class="tile"
    >
      <img
        alt="Unrevealed"
        src="tile_unrevealed.png"
      />
    </button>
  </div>
  <button>
    New Game
  </button>
</div>
`;
