// Jest Snapshot v1, https://goo.gl/fbAQLP

exports[`<Board /> tests should render as 8x8 grid of tiles with background 1`] = `
<div
  class="board"
>
  <button
    class="tile"
  >
    <img
      alt="Unrevealed"
    />
  </button>
  <button
    class="tile"
  >
    <img
      alt="Unrevealed"
    />
  </button>
  <button
    class="tile"
  >
    <img
      alt="Unrevealed"
    />
  </button>
  <button
    class="tile"
  >
    <img
      alt="Unrevealed"
    />
  </button>
  <button
    class="tile"
  >
    <img
      alt="Unrevealed"
    />
  </button>
  <button
    class="tile"
  >
    <img
      alt="Unrevealed"
    />
  </button>
  <button
    class="tile"
  >
    <img
      alt="Unrevealed"
    />
  </button>
  <button
    class="tile"
  >
    <img
      alt="Unrevealed"
    />
  </button>
  <button
    class="tile"
  >
    <img
      alt="Unrevealed"
    />
  </button>
  <button
    class="tile"
  >
    <img
      alt="Unrevealed"
    />
  </button>
  <button
    class="tile"
  >
    <img
      alt="Unrevealed"
    />
  </button>
  <button
    class="tile"
  >
    <img
      alt="Unrevealed"
    />
  </button>
  <button
    class="tile"
  >
    <img
      alt="Unrevealed"
    />
  </button>
  <button
    class="tile"
  >
    <img
      alt="Unrevealed"
    />
  </button>
  <button
    class="tile"
  >
    <img
      alt="Unrevealed"
    />
  </button>
  <button
    class="tile"
  >
    <img
      alt="Unrevealed"
    />
  </button>
  <button
    class="tile"
  >
    <img
      alt="Unrevealed"
    />
  </button>
  <button
    class="tile"
  >
    <img
      alt="Unrevealed"
    />
  </button>
  <button
    class="tile"
  >
    <img
      alt="Unrevealed"
    />
  </button>
  <button
    class="tile"
  >
    <img
      alt="Unrevealed"
    />
  </button>
  <button
    class="tile"
  >
    <img
      alt="Unrevealed"
    />
  </button>
  <button
    class="tile"
  >
    <img
      alt="Unrevealed"
    />
  </button>
  <button
    class="tile"
  >
    <img
      alt="Unrevealed"
    />
  </button>
  <button
    class="tile"
  >
    <img
      alt="Unrevealed"
    />
  </button>
  <button
    class="tile"
  >
    <img
      alt="Unrevealed"
    />
  </button>
  <button
    class="tile"
  >
    <img
      alt="Unrevealed"
    />
  </button>
  <button
    class="tile"
  >
    <img
      alt="Unrevealed"
    />
  </button>
  <button
    class="tile"
  >
    <img
      alt="Unrevealed"
    />
  </button>
  <button
    class="tile"
  >
    <img
      alt="Unrevealed"
    />
  </button>
  <button
    class="tile"
  >
    <img
      alt="Unrevealed"
    />
  </button>
  <button
    class="tile"
  >
    <img
      alt="Unrevealed"
    />
  </button>
  <button
    class="tile"
  >
    <img
      alt="Unrevealed"
    />
  </button>
  <button
    class="tile"
  >
    <img
      alt="Unrevealed"
    />
  </button>
  <button
    class="tile"
  >
    <img
      alt="Unrevealed"
    />
  </button>
  <button
    class="tile"
  >
    <img
      alt="Unrevealed"
    />
  </button>
  <button
    class="tile"
  >
    <img
      alt="Unrevealed"
    />
  </button>
  <button
    class="tile"
  >
    <img
      alt="Unrevealed"
    />
  </button>
  <button
    class="tile"
  >
    <img
      alt="Unrevealed"
    />
  </button>
  <button
    class="tile"
  >
    <img
      alt="Unrevealed"
    />
  </button>
  <button
    class="tile"
  >
    <img
      alt="Unrevealed"
    />
  </button>
  <button
    class="tile"
  >
    <img
      alt="Unrevealed"
    />
  </button>
  <button
    class="tile"
  >
    <img
      alt="Unrevealed"
    />
  </button>
  <button
    class="tile"
  >
    <img
      alt="Unrevealed"
    />
  </button>
  <button
    class="tile"
  >
    <img
      alt="Unrevealed"
    />
  </button>
  <button
    class="tile"
  >
    <img
      alt="Unrevealed"
    />
  </button>
  <button
    class="tile"
  >
    <img
      alt="Unrevealed"
    />
  </button>
  <button
    class="tile"
  >
    <img
      alt="Unrevealed"
    />
  </button>
  <button
    class="tile"
  >
    <img
      alt="Unrevealed"
    />
  </button>
  <button
    class="tile"
  >
    <img
      alt="Unrevealed"
    />
  </button>
  <button
    class="tile"
  >
    <img
      alt="Unrevealed"
    />
  </button>
  <button
    class="tile"
  >
    <img
      alt="Unrevealed"
    />
  </button>
  <button
    class="tile"
  >
    <img
      alt="Unrevealed"
    />
  </button>
  <button
    class="tile"
  >
    <img
      alt="Unrevealed"
    />
  </button>
  <button
    class="tile"
  >
    <img
      alt="Unrevealed"
    />
  </button>
  <button
    class="tile"
  >
    <img
      alt="Unrevealed"
    />
  </button>
  <button
    class="tile"
  >
    <img
      alt="Unrevealed"
    />
  </button>
  <button
    class="tile"
  >
    <img
      alt="Unrevealed"
    />
  </button>
  <button
    class="tile"
  >
    <img
      alt="Unrevealed"
    />
  </button>
  <button
    class="tile"
  >
    <img
      alt="Unrevealed"
    />
  </button>
  <button
    class="tile"
  >
    <img
      alt="Unrevealed"
    />
  </button>
  <button
    class="tile"
  >
    <img
      alt="Unrevealed"
    />
  </button>
  <button
    class="tile"
  >
    <img
      alt="Unrevealed"
    />
  </button>
  <button
    class="tile"
  >
    <img
      alt="Unrevealed"
    />
  </button>
  <button
    class="tile"
  >
    <img
      alt="Unrevealed"
    />
  </button>
</div>
`;
